// Jest Snapshot v1, https://goo.gl/fbAQLP

exports[`Pruebas en GifItem debe de hacer match con el snapshot 1`] = `
<div>
  <div
    class="card"
  >
    <img
      alt="Saitama"
      src="https://url-ejemplo"
    />
    <p>
      Saitama
    </p>
  </div>
</div>
`;
